// Jest Snapshot v1, https://goo.gl/fbAQLP

exports[`context should populate with capitalized keys 1`] = `
Object {
  "Name": "Foobar",
  "Names": "Foobars",
  "h": Object {
    "capitalize": [Function],
    "changeCase": Object {
      "camel": [Function],
      "camelCase": [Function],
      "constant": [Function],
      "constantCase": [Function],
      "dot": [Function],
      "dotCase": [Function],
      "header": [Function],
      "headerCase": [Function],
      "hyphen": [Function],
      "hyphenCase": [Function],
      "isLower": [Function],
      "isLowerCase": [Function],
      "isUpper": [Function],
      "isUpperCase": [Function],
      "kebab": [Function],
      "kebabCase": [Function],
      "lcFirst": [Function],
      "lower": [Function],
      "lowerCase": [Function],
      "lowerCaseFirst": [Function],
      "no": [Function],
      "noCase": [Function],
      "param": [Function],
      "paramCase": [Function],
      "pascal": [Function],
      "pascalCase": [Function],
      "path": [Function],
      "pathCase": [Function],
      "sentence": [Function],
      "sentenceCase": [Function],
      "snake": [Function],
      "snakeCase": [Function],
      "swap": [Function],
      "swapCase": [Function],
      "title": [Function],
      "titleCase": [Function],
      "ucFirst": [Function],
      "upper": [Function],
      "upperCase": [Function],
      "upperCaseFirst": [Function],
    },
    "inflection": Object {
      "_apply_rules": [Function],
      "camelize": [Function],
      "capitalize": [Function],
      "classify": [Function],
      "dasherize": [Function],
      "demodulize": [Function],
      "foreign_key": [Function],
      "humanize": [Function],
      "indexOf": [Function],
      "inflect": [Function],
      "ordinalize": [Function],
      "pluralize": [Function],
      "singularize": [Function],
      "tableize": [Function],
      "titleize": [Function],
      "transform": [Function],
      "undasherize": [Function],
      "underscore": [Function],
      "version": "1.13.1",
    },
  },
  "name": "foobar",
  "names": "foobars",
}
`;
